// Jest Snapshot v1, https://goo.gl/fbAQLP

exports[` test suite for Calculator should render calculator component for given parameters 1`] = `
<form>
  <div
    className="MuiGrid-root MuiGrid-container MuiGrid-spacing-xs-2 MuiGrid-direction-xs-column"
  >
    <div
      className="MuiGrid-root formBox"
    >
      <div
        className="MuiGrid-root"
      >
        <div
          className="MuiGrid-root"
        >
          <br />
        </div>
      </div>
      <div
        className="MuiGrid-root MuiGrid-item"
      >
        <div
          className="MuiInputBase-root MuiInput-root MuiInput-underline input"
          onClick={[Function]}
        >
          <input
            className="MuiInputBase-input MuiInput-input"
            id="input_one"
            onAnimationStart={[Function]}
            onBlur={[Function]}
            onChange={[Function]}
            onFocus={[Function]}
            placeholder="Input One"
            type="text"
            value={2}
          />
        </div>
      </div>
      <div
        className="MuiGrid-root"
      >
        <br />
      </div>
      <div
        className="MuiGrid-root MuiGrid-item"
      >
        <div
          className="MuiInputBase-root MuiInput-root MuiInput-underline input"
          onClick={[Function]}
        >
          <input
            className="MuiInputBase-input MuiInput-input"
            id="input_two"
            onAnimationStart={[Function]}
            onBlur={[Function]}
            onChange={[Function]}
            onFocus={[Function]}
            placeholder="Input Two"
            type="text"
            value={3}
          />
        </div>
      </div>
      <div
        className="MuiGrid-root"
      >
        <br />
      </div>
      <div
        className="MuiGrid-root MuiGrid-item"
      >
        <span
          className="button"
        >
          <button
            className="MuiButtonBase-root MuiButton-root MuiButton-contained"
            disabled={false}
            id="plus"
            onBlur={[Function]}
            onClick={[Function]}
            onDragLeave={[Function]}
            onFocus={[Function]}
            onKeyDown={[Function]}
            onKeyUp={[Function]}
            onMouseDown={[Function]}
            onMouseLeave={[Function]}
            onMouseUp={[Function]}
            onTouchEnd={[Function]}
            onTouchMove={[Function]}
            onTouchStart={[Function]}
            tabIndex={0}
            type="button"
          >
            <span
              className="MuiButton-label"
            >
               + 
            </span>
          </button>
        </span>
        <span
          className="button"
        >
          <button
            className="MuiButtonBase-root MuiButton-root MuiButton-contained"
            disabled={false}
            id="minus"
            onBlur={[Function]}
            onClick={[Function]}
            onDragLeave={[Function]}
            onFocus={[Function]}
            onKeyDown={[Function]}
            onKeyUp={[Function]}
            onMouseDown={[Function]}
            onMouseLeave={[Function]}
            onMouseUp={[Function]}
            onTouchEnd={[Function]}
            onTouchMove={[Function]}
            onTouchStart={[Function]}
            tabIndex={0}
            type="button"
          >
            <span
              className="MuiButton-label"
            >
               - 
            </span>
          </button>
        </span>
        <span
          className="button"
        >
          <button
            className="MuiButtonBase-root MuiButton-root MuiButton-contained"
            disabled={false}
            id="multiply"
            onBlur={[Function]}
            onClick={[Function]}
            onDragLeave={[Function]}
            onFocus={[Function]}
            onKeyDown={[Function]}
            onKeyUp={[Function]}
            onMouseDown={[Function]}
            onMouseLeave={[Function]}
            onMouseUp={[Function]}
            onTouchEnd={[Function]}
            onTouchMove={[Function]}
            onTouchStart={[Function]}
            tabIndex={0}
            type="button"
          >
            <span
              className="MuiButton-label"
            >
               * 
            </span>
          </button>
        </span>
        <span
          className="button"
        >
          <button
            className="MuiButtonBase-root MuiButton-root MuiButton-contained"
            disabled={false}
            id="divide"
            onBlur={[Function]}
            onClick={[Function]}
            onDragLeave={[Function]}
            onFocus={[Function]}
            onKeyDown={[Function]}
            onKeyUp={[Function]}
            onMouseDown={[Function]}
            onMouseLeave={[Function]}
            onMouseUp={[Function]}
            onTouchEnd={[Function]}
            onTouchMove={[Function]}
            onTouchStart={[Function]}
            tabIndex={0}
            type="button"
          >
            <span
              className="MuiButton-label"
            >
               / 
            </span>
          </button>
        </span>
      </div>
      <div
        className="MuiGrid-root"
      >
        <br />
        <br />
      </div>
      <div
        className="MuiGrid-root MuiGrid-item"
      >
        <button
          className="MuiButtonBase-root MuiButton-root MuiButton-contained"
          disabled={false}
          id="clear"
          onBlur={[Function]}
          onClick={[Function]}
          onDragLeave={[Function]}
          onFocus={[Function]}
          onKeyDown={[Function]}
          onKeyUp={[Function]}
          onMouseDown={[Function]}
          onMouseLeave={[Function]}
          onMouseUp={[Function]}
          onTouchEnd={[Function]}
          onTouchMove={[Function]}
          onTouchStart={[Function]}
          tabIndex={0}
          type="button"
        >
          <span
            className="MuiButton-label"
          >
             Clear 
          </span>
        </button>
      </div>
      <div
        className="MuiGrid-root"
      >
        <br />
      </div>
      <div
        className="MuiGrid-root"
      >
        <br />
      </div>
      <div
        className="MuiFormControl-root MuiTextField-root textField"
      >
        <label
          className="MuiFormLabel-root MuiInputLabel-root MuiInputLabel-formControl MuiInputLabel-animated MuiInputLabel-shrink MuiInputLabel-marginDense MuiInputLabel-outlined MuiFormLabel-filled"
          data-shrink={true}
          htmlFor="output"
          id="output-label"
        >
          Output
        </label>
        <div
          className="MuiInputBase-root MuiOutlinedInput-root MuiInputBase-formControl MuiInputBase-marginDense MuiOutlinedInput-marginDense"
          onClick={[Function]}
        >
          <input
            aria-invalid={false}
            autoFocus={false}
            className="MuiInputBase-input MuiOutlinedInput-input MuiInputBase-inputMarginDense MuiOutlinedInput-inputMarginDense"
            disabled={false}
            id="output"
            onAnimationStart={[Function]}
            onBlur={[Function]}
            onChange={[Function]}
            onFocus={[Function]}
            readOnly={true}
            required={false}
            type="number"
            value={5}
          />
          <fieldset
            aria-hidden={true}
            className="PrivateNotchedOutline-root-1 MuiOutlinedInput-notchedOutline"
          >
            <legend
              className="PrivateNotchedOutline-legendLabelled-3 PrivateNotchedOutline-legendNotched-4"
            >
              <span>
                Output
              </span>
            </legend>
          </fieldset>
        </div>
      </div>
    </div>
  </div>
</form>
`;
